........................................................................ [ 77%]
.....................                                                    [100%]
============================== warnings summary ===============================
..\..\AppData\Local\Programs\Python\Python311\Lib\site-packages\fastapi\testclient.py:1
  C:\Users\divya\AppData\Local\Programs\Python\Python311\Lib\site-packages\fastapi\testclient.py:1: StarletteDeprecationWarning: Using `httpx` with `starlette.testclient` is deprecated; install `httpx2` instead.
    from starlette.testclient import TestClient as TestClient  # noqa

-- Docs: https://docs.pytest.org/en/stable/how-to/capture-warnings.html
93 passed, 1 warning in 158.39s (0:02:38)
